
D:\UniAdmit-System-Backend\src\app\controllers\admin\enrollment.controller.js
  2:10  warning  'message' is defined but never used  no-unused-vars

D:\UniAdmit-System-Backend\src\app\controllers\admin\universities.controller.js
    2:10  warning  'message' is defined but never used             no-unused-vars
    2:35  error    Extra semicolon                                 semi
    4:62  error    Async arrow function has no 'await' expression  require-await
    6:34  error    Extra semicolon                                 semi
    7:76  error    Extra semicolon                                 semi
   24:72  error    Extra semicolon                                 semi
   40:33  error    Extra semicolon                                 semi
   45:22  error    Strings must use singlequote                    quotes
   58:33  error    Extra semicolon                                 semi
   60:86  error    Extra semicolon                                 semi
   64:22  error    Strings must use singlequote                    quotes
   77:33  error    Extra semicolon                                 semi
   78:80  error    Extra semicolon                                 semi
   82:22  error    Strings must use singlequote                    quotes
   96:31  error    Extra semicolon                                 semi
   97:92  error    Extra semicolon                                 semi
  101:22  error    Strings must use singlequote                    quotes
  115:42  error    Extra semicolon                                 semi
  124:22  error    Strings must use singlequote                    quotes
  128:22  error    Extra semicolon                                 semi
  132:37  error    Strings must use singlequote                    quotes

✖ 22 problems (20 errors, 2 warnings)
  19 errors and 0 warnings potentially fixable with the `--fix` option.

